C51 COMPILER V9.59.0.0   DELAY                                                             03/18/2023 19:46:41 PAGE 1   


C51 COMPILER V9.59.0.0, COMPILATION OF MODULE DELAY
OBJECT MODULE PLACED IN .\Objects\Delay.obj
COMPILER INVOKED BY: D:\KEIL\C51\BIN\C51.EXE TOOL\src\Delay.c OPTIMIZE(8,SPEED) BROWSE INCDIR(.\BSP\inc;.\TOOL\inc) DEBU
                    -G OBJECTEXTEND PRINT(.\Listings\Delay.lst) TABS(2) OBJECT(.\Objects\Delay.obj)

line level    source

   1          #include "Delay.h"
   2          #include "intrins.h"
   3          
   4          //进入函数和退出函数各4个机械周期
   5          void Delay1ms()   //@12000MHz.
   6          {
   7   1        unsigned char i, j;
   8   1      
   9   1        i = 12;
  10   1        j = 169;
  11   1        do
  12   1        {
  13   2          while (--j);
  14   2        } while (--i);
  15   1      }
  16          
  17          
  18          void Delay20ms()    //@11.0592MHz
  19          {
  20   1        unsigned char i, j;
  21   1      
  22   1        i = 216;
  23   1        j = 37;
  24   1        do
  25   1        {
  26   2          while (--j);
  27   2        } while (--i);
  28   1      }
  29          
  30          
  31          void Delay5ms()   //@12.000MHz
  32          {
  33   1        unsigned char i, j;
  34   1      
  35   1        i = 59;
  36   1        j = 90;
  37   1        do
  38   1        {
  39   2          while (--j);
  40   2        } while (--i);
  41   1      }
  42          
  43          void Delay100ms()   //@11.0592MHz
  44          {
  45   1        unsigned char i, j, k;
  46   1      
  47   1        _nop_();
  48   1        _nop_();
  49   1        i = 5;
  50   1        j = 52;
  51   1        k = 195;
  52   1        do
  53   1        {
  54   2          do
C51 COMPILER V9.59.0.0   DELAY                                                             03/18/2023 19:46:41 PAGE 2   

  55   2          {
  56   3            while (--k);
  57   3          } while (--j);
  58   2        } while (--i);
  59   1      }
  60          
  61          
  62          void Delay500ms()   //@11.0592MHz
  63          {
  64   1        unsigned char i, j, k;
  65   1      
  66   1        _nop_();
  67   1        _nop_();
  68   1        i = 22;
  69   1        j = 3;
  70   1        k = 227;
  71   1        do
  72   1        {
  73   2          do
  74   2          {
  75   3            while (--k);
  76   3          } while (--j);
  77   2        } while (--i);
  78   1      }
  79          void Delay1000ms()    //@11.0592MHz
  80          {
  81   1        unsigned char i, j, k;
  82   1      
  83   1        _nop_();
  84   1        _nop_();
  85   1        i = 43;
  86   1        j = 6;
  87   1        k = 203;
  88   1        do
  89   1        {
  90   2          do
  91   2          {
  92   3            while (--k);
  93   3          } while (--j);
  94   2        } while (--i);
  95   1      }
  96          


MODULE INFORMATION:   STATIC OVERLAYABLE
   CODE SIZE        =     72    ----
   CONSTANT SIZE    =   ----    ----
   XDATA SIZE       =   ----    ----
   PDATA SIZE       =   ----    ----
   DATA SIZE        =   ----    ----
   IDATA SIZE       =   ----    ----
   BIT SIZE         =   ----    ----
END OF MODULE INFORMATION.


C51 COMPILATION COMPLETE.  0 WARNING(S),  0 ERROR(S)
