C51 COMPILER V9.59.0.0   NIXIE                                                             04/07/2023 22:10:55 PAGE 1   


C51 COMPILER V9.59.0.0, COMPILATION OF MODULE NIXIE
OBJECT MODULE PLACED IN .\Objects\Nixie.obj
COMPILER INVOKED BY: D:\KEIL\C51\BIN\C51.EXE Nixie.c OPTIMIZE(8,SPEED) BROWSE DEBUG OBJECTEXTEND PRINT(.\Listings\Nixie.
                    -lst) TABS(2) OBJECT(.\Objects\Nixie.obj)

line level    source

   1          #include "Nixie.h"
   2          
   3          //数码管显示缓存区
   4          unsigned char Nixie_Buf[8]={0XFF,0XFF,0XFF,0XFF,0XFF,0XFF,0XFF,0XFF};
   5          
   6          void Nixie_Init(unsigned char n)
   7          {
   8   1        P2&=0X1F;//锁存
   9   1        if(n==1)//Com端口清除
  10   1        {
  11   2          P0=0x00;//全都不选中（高电平选中）
  12   2          P2=(P2&0X1F)|0XC0;
  13   2        }
  14   1        else if(n==2)//段选清除
  15   1        {
  16   2          P0=0xFF;//全都不选中（低电平选中）
  17   2          P2=(P2&0X1F)|0XE0;
  18   2        }
  19   1      }
  20          
  21          void Nixie_Display(unsigned char pos,unsigned char value)
  22          {
  23   1        Nixie_Init(2);
  24   1        
  25   1        Nixie_Init(1);
  26   1        P0|=0x01<<pos;
  27   1        Nixie_Init(2);
  28   1        P0&=value;
  29   1        
  30   1        P2&=0X1F;//锁存
  31   1      }
  32          
  33          /**
  34            * @brief  数码管驱动函数，在中断中调用
  35            * @param  无
  36            * @retval 无
  37            */
  38          void Nixie_Loop(void)
  39          {
  40   1        static unsigned char i=0;
  41   1        Nixie_Display(i,Nixie_Buf[i]);
  42   1        i++;
  43   1        if(i>=8){i=0;}
  44   1      }
  45          
  46          /**
  47            * @brief  设置显示缓存区
  48            * @param  Location 要设置的位置，范围：1~8
  49            * @param  Number 要设置的数字，范围：段码表索引范围
  50            * @retval 无
  51            */
  52          void Nixie_SetBuf(unsigned char Location,Number)
  53          {
  54   1        Nixie_Buf[Location]=Number;
C51 COMPILER V9.59.0.0   NIXIE                                                             04/07/2023 22:10:55 PAGE 2   

  55   1      }


MODULE INFORMATION:   STATIC OVERLAYABLE
   CODE SIZE        =    118    ----
   CONSTANT SIZE    =   ----    ----
   XDATA SIZE       =   ----    ----
   PDATA SIZE       =   ----    ----
   DATA SIZE        =      9    ----
   IDATA SIZE       =   ----    ----
   BIT SIZE         =   ----    ----
END OF MODULE INFORMATION.


C51 COMPILATION COMPLETE.  0 WARNING(S),  0 ERROR(S)
