C51 COMPILER V9.59.0.0   KEY                                                               03/18/2023 19:03:09 PAGE 1   


C51 COMPILER V9.59.0.0, COMPILATION OF MODULE KEY
OBJECT MODULE PLACED IN .\Objects\KEY.obj
COMPILER INVOKED BY: D:\KEIL\C51\BIN\C51.EXE KEY.c OPTIMIZE(8,SPEED) BROWSE DEBUG OBJECTEXTEND PRINT(.\Listings\KEY.lst)
                    - TABS(2) OBJECT(.\Objects\KEY.obj)

line level    source

   1          #include "KEY.h"
   2          
   3          static uc KeyNum;
   4          
   5          uc KEY_GetState()
   6          {
   7   1        uc Num=0;
   8   1        if(KEY7==0){Num=7;AUXR|=0x10;}    //S7按键按下打开定时器2开始计时
   9   1        if(KEY6==0){Num=6;}
  10   1        if(KEY5==0){Num=5;}
  11   1        if(KEY4==0){Num=4;}
  12   1        return Num;
  13   1      }
  14          
  15          void KEY_Loop()
  16          {
  17   1        static uc L_State,N_State;
  18   1        L_State=N_State;
  19   1        N_State=KEY_GetState();
  20   1        if(L_State==4 && N_State==0){KeyNum=4;}
  21   1        if(L_State==5 && N_State==0){KeyNum=5;}
  22   1        if(L_State==6 && N_State==0){KeyNum=6;}
  23   1        if(L_State==7 && N_State==0){KeyNum=7;AUXR&=~0x10;}   //S7按键按下关闭定时器2停止计时
  24   1      }
  25          
  26          uc KEY()
  27          {
  28   1        uc Temp=0;
  29   1        Temp=KeyNum;
  30   1        KeyNum=0;
  31   1        return Temp;
  32   1      }


MODULE INFORMATION:   STATIC OVERLAYABLE
   CODE SIZE        =     99    ----
   CONSTANT SIZE    =   ----    ----
   XDATA SIZE       =   ----    ----
   PDATA SIZE       =   ----    ----
   DATA SIZE        =      3    ----
   IDATA SIZE       =   ----    ----
   BIT SIZE         =   ----    ----
END OF MODULE INFORMATION.


C51 COMPILATION COMPLETE.  0 WARNING(S),  0 ERROR(S)
