C51 COMPILER V9.59.0.0   TIMER                                                             06/09/2023 13:48:16 PAGE 1   


C51 COMPILER V9.59.0.0, COMPILATION OF MODULE TIMER
OBJECT MODULE PLACED IN .\Objects\Timer.obj
COMPILER INVOKED BY: D:\KEIL\C51\BIN\C51.EXE Timer.c OPTIMIZE(8,SPEED) BROWSE DEBUG OBJECTEXTEND PRINT(.\Listings\Timer.
                    -lst) TABS(2) OBJECT(.\Objects\Timer.obj)

line level    source

   1          #include "Timer.h"
   2          
   3          void Timer0Init(void)   //1微秒@12.000MHz
   4          {
   5   1        AUXR |= 0x80;   //定时器时钟1T模式
   6   1        TMOD |= 0x06;   //设置外部计数模式
   7   1        TL0 = 0xF4;   //设置定时初值
   8   1        TH0 = 0xFF;   //设置定时初值
   9   1        TF0 = 0;    //清除TF0标志
  10   1        TR0 = 1;    //定时器0开始计时
  11   1        
  12   1        ET0=1;
  13   1        EA=1;
  14   1      }
  15          
  16          
  17          //void Timer2Init(void)   //1毫秒@12.000MHz
  18          //{
  19          //  AUXR |= 0x04;   //定时器时钟1T模式
  20          //  T2L = 0x20;   //设置定时初值
  21          //  T2H = 0xD1;   //设置定时初值
  22          //  AUXR |= 0x10;   //定时器2开始计时
  23          //  
  24          //  IE2|=0X04;
  25          //  EA=1;
  26          //}
  27          void Timer2Init(void)   //100微秒@12.000MHz
  28          {
  29   1        AUXR |= 0x04;   //定时器时钟1T模式
  30   1        T2L = 0x50;   //设置定时初值
  31   1        T2H = 0xFB;   //设置定时初值
  32   1        AUXR |= 0x10;   //定时器2开始计时
  33   1        
  34   1        IE2|=0X04;
  35   1        EA=1;
  36   1      }


MODULE INFORMATION:   STATIC OVERLAYABLE
   CODE SIZE        =     39    ----
   CONSTANT SIZE    =   ----    ----
   XDATA SIZE       =   ----    ----
   PDATA SIZE       =   ----    ----
   DATA SIZE        =   ----    ----
   IDATA SIZE       =   ----    ----
   BIT SIZE         =   ----    ----
END OF MODULE INFORMATION.


C51 COMPILATION COMPLETE.  0 WARNING(S),  0 ERROR(S)
