C51 COMPILER V9.59.0.0   MAIN                                                              06/09/2023 14:44:21 PAGE 1   


C51 COMPILER V9.59.0.0, COMPILATION OF MODULE MAIN
OBJECT MODULE PLACED IN .\Objects\main.obj
COMPILER INVOKED BY: D:\KEIL\C51\BIN\C51.EXE main.c OPTIMIZE(8,SPEED) BROWSE DEBUG OBJECTEXTEND PRINT(.\Listings\main.ls
                    -t) TABS(2) OBJECT(.\Objects\main.obj)

line level    source

   1          #include "main.h"
   2          
   3          bit Key_flag;
   4          uc Time[3]={0X50,0X59,0X20};
   5          uc KeyNum;
   6          uc Interface;
   7          uc Dat_Interface;
   8          uc Rec_Interface;
   9          uc P_Interface;
  10          
  11          
  12          void Hardware_Init()
  13          {
  14   1        LED_Init();
  15   1        RB_Init();
  16   1        Timer0Init();
  17   1        DS1302_WriteTime(Time);
  18   1        DS18B20_ConvertT();
  19   1        Delay750ms();
  20   1      }
  21          
  22          void Task_Processing()
  23          {
  24   1        
  25   1      }
  26          
  27          
  28          void USE_KEY()
  29          {
  30   1        if(Key_flag==1)
  31   1        {
  32   2          Key_flag=0;
  33   2          KeyNum=KEY();
  34   2          
  35   2          if(KeyNum==4)
  36   2          {
  37   3            Interface++;
  38   3            Interface%=3;
  39   3          }
  40   2          if(KeyNum==5)
  41   2          {
  42   3            if(Interface==0){Dat_Interface++;Dat_Interface%=5;}
  43   3            if(Interface==1){Rec_Interface++;Rec_Interface%=3;}
  44   3            if(Interface==2){P_Interface++;P_Interface%=3;}
  45   3          }
  46   2        }
  47   1      }
  48          
  49          
  50          void USE_SMG()
  51          {
  52   1        if(Interface==0)
  53   1        {
  54   2          if(Dat_Interface==0)
C51 COMPILER V9.59.0.0   MAIN                                                              06/09/2023 14:44:21 PAGE 2   

  55   2          {
  56   3            Nixie_SetBuf(0,Nodot_SMG[Time[2]/16]);
  57   3            Nixie_SetBuf(1,Nodot_SMG[Time[2]%16]);
  58   3            Nixie_SetBuf(2,0XBF); //间隔符
  59   3            Nixie_SetBuf(3,Nodot_SMG[Time[1]/16]);
  60   3            Nixie_SetBuf(4,Nodot_SMG[Time[1]%16]);
  61   3            Nixie_SetBuf(5,0XBF); //间隔符
  62   3            Nixie_SetBuf(6,Nodot_SMG[Time[0]/16]);
  63   3            Nixie_SetBuf(7,Nodot_SMG[Time[0]%16]);
  64   3          }
  65   2          else if(Dat_Interface==1)
  66   2          {
  67   3            Nixie_SetBuf(0,Nodot_SMG[12]);  //标识符-C
  68   3            Nixie_SetBuf(1,0XFF);
  69   3            Nixie_SetBuf(2,0XFF);
  70   3            Nixie_SetBuf(3,0XFF);
  71   3            Nixie_SetBuf(4,0XFF);
  72   3            Nixie_SetBuf(5,0XFF);
  73   3            Nixie_SetBuf(6,0XFF);
  74   3            Nixie_SetBuf(7,0XFF);
  75   3          }
  76   2          else if(Dat_Interface==2)
  77   2          {
  78   3            Nixie_SetBuf(0,Nodot_SMG[14]);  //标识符-E
  79   3            Nixie_SetBuf(1,0XFF);
  80   3            Nixie_SetBuf(2,0XFF);
  81   3            Nixie_SetBuf(3,0XFF);
  82   3            Nixie_SetBuf(4,0XFF);
  83   3            Nixie_SetBuf(5,0XFF);
  84   3            Nixie_SetBuf(6,0XFF);
  85   3            Nixie_SetBuf(7,0XFF);
  86   3          }
  87   2          else if(Dat_Interface==3)
  88   2          {
  89   3            Nixie_SetBuf(0,Nodot_SMG[15]);  //标识符-F
  90   3            Nixie_SetBuf(1,0XFF);
  91   3            Nixie_SetBuf(2,0XFF);
  92   3            Nixie_SetBuf(3,0XFF);
  93   3            Nixie_SetBuf(4,0XFF);
  94   3            Nixie_SetBuf(5,0XFF);
  95   3            Nixie_SetBuf(6,0XFF);
  96   3            Nixie_SetBuf(7,0XFF);
  97   3          }
  98   2          else if(Dat_Interface==4)
  99   2          {
 100   3            Nixie_SetBuf(0,0XC7); //标识符-L
 101   3            Nixie_SetBuf(1,0XFF);
 102   3            Nixie_SetBuf(2,0XFF);
 103   3            Nixie_SetBuf(3,0XFF);
 104   3            Nixie_SetBuf(4,0XFF);
 105   3            Nixie_SetBuf(5,0XFF);
 106   3            Nixie_SetBuf(6,0XFF);
 107   3            Nixie_SetBuf(7,0XFF);
 108   3          }
 109   2        }
 110   1        else if(Interface==1)
 111   1        {
 112   2          if(Rec_Interface==0)
 113   2          {
 114   3            Nixie_SetBuf(0,0X89); //标识符-H
 115   3            Nixie_SetBuf(1,0XFE);
 116   3            Nixie_SetBuf(2,0XFF);
C51 COMPILER V9.59.0.0   MAIN                                                              06/09/2023 14:44:21 PAGE 3   

 117   3            Nixie_SetBuf(3,0XFF);
 118   3            Nixie_SetBuf(4,0XFF);
 119   3            Nixie_SetBuf(5,0XFF);
 120   3            Nixie_SetBuf(6,0XFF);
 121   3            Nixie_SetBuf(7,0XFF);
 122   3          }
 123   2          else if(Rec_Interface==1)
 124   2          {
 125   3            Nixie_SetBuf(0,0X89); //标识符-H
 126   3            Nixie_SetBuf(1,0XBF);
 127   3            Nixie_SetBuf(2,0XFF);
 128   3            Nixie_SetBuf(3,0XFF);
 129   3            Nixie_SetBuf(4,0XFF);
 130   3            Nixie_SetBuf(5,0XFF);
 131   3            Nixie_SetBuf(6,0XFF);
 132   3            Nixie_SetBuf(7,0XFF);
 133   3          }
 134   2          else if(Rec_Interface==2)
 135   2          {
 136   3            Nixie_SetBuf(0,0X89); //标识符-H
 137   3            Nixie_SetBuf(1,0XF7);
 138   3            Nixie_SetBuf(2,0XFF);
 139   3            Nixie_SetBuf(3,0XFF);
 140   3            Nixie_SetBuf(4,0XFF);
 141   3            Nixie_SetBuf(5,0XFF);
 142   3            Nixie_SetBuf(6,0XFF);
 143   3            Nixie_SetBuf(7,0XFF);
 144   3          }
 145   2        }
 146   1        else if(Interface==2)
 147   1        {
 148   2          if(P_Interface==0)
 149   2          {
 150   3            Nixie_SetBuf(0,0X8C); //标识符-P
 151   3            Nixie_SetBuf(1,Nodot_SMG[1]);
 152   3            Nixie_SetBuf(2,0XFF);
 153   3            Nixie_SetBuf(3,0XFF);
 154   3            Nixie_SetBuf(4,0XFF);
 155   3            Nixie_SetBuf(5,0XFF);
 156   3            Nixie_SetBuf(6,0XFF);
 157   3            Nixie_SetBuf(7,0XFF);
 158   3          }
 159   2          else if(P_Interface==1)
 160   2          {
 161   3            Nixie_SetBuf(0,0X8C); //标识符-P
 162   3            Nixie_SetBuf(1,Nodot_SMG[2]);
 163   3            Nixie_SetBuf(2,0XFF);
 164   3            Nixie_SetBuf(3,0XFF);
 165   3            Nixie_SetBuf(4,0XFF);
 166   3            Nixie_SetBuf(5,0XFF);
 167   3            Nixie_SetBuf(6,0XFF);
 168   3            Nixie_SetBuf(7,0XFF);
 169   3          }
 170   2          else if(P_Interface==2)
 171   2          {
 172   3            Nixie_SetBuf(0,0X8C); //标识符-P
 173   3            Nixie_SetBuf(1,Nodot_SMG[3]);
 174   3            Nixie_SetBuf(2,0XFF);
 175   3            Nixie_SetBuf(3,0XFF);
 176   3            Nixie_SetBuf(4,0XFF);
 177   3            Nixie_SetBuf(5,0XFF);
 178   3            Nixie_SetBuf(6,0XFF);
C51 COMPILER V9.59.0.0   MAIN                                                              06/09/2023 14:44:21 PAGE 4   

 179   3            Nixie_SetBuf(7,0XFF);
 180   3          }
 181   2        }
 182   1      }
 183          
 184          
 185          void main()
 186          {
 187   1        Hardware_Init();
 188   1        while(1)
 189   1        {
 190   2          USE_SMG();
 191   2          USE_KEY();
 192   2        }
 193   1      }
 194          
 195          void Timer0_Routine(void) interrupt 1
 196          {
 197   1        static uc Key_count;
 198   1        static uc SMG_count;
 199   1      
 200   1        Key_count++;
 201   1        if(Key_count==10)
 202   1        {
 203   2          Key_count=0;
 204   2          Key_flag=1;
 205   2        }
 206   1        SMG_count++;
 207   1        if(SMG_count==2)
 208   1        {
 209   2          SMG_count=0;
 210   2          Nixie_Loop();
 211   2        }
 212   1      }


MODULE INFORMATION:   STATIC OVERLAYABLE
   CODE SIZE        =   1098    ----
   CONSTANT SIZE    =     32    ----
   XDATA SIZE       =   ----    ----
   PDATA SIZE       =   ----    ----
   DATA SIZE        =     10    ----
   IDATA SIZE       =   ----    ----
   BIT SIZE         =      1    ----
END OF MODULE INFORMATION.


C51 COMPILATION COMPLETE.  0 WARNING(S),  0 ERROR(S)
