C51 COMPILER V9.59.0.0   DS18B20                                                           06/01/2023 11:46:37 PAGE 1   


C51 COMPILER V9.59.0.0, COMPILATION OF MODULE DS18B20
OBJECT MODULE PLACED IN .\Objects\DS18B20.obj
COMPILER INVOKED BY: D:\KEIL\C51\BIN\C51.EXE DS18B20.c OPTIMIZE(8,SPEED) BROWSE DEBUG OBJECTEXTEND PRINT(.\Listings\DS18
                    -B20.lst) TABS(2) OBJECT(.\Objects\DS18B20.obj)

line level    source

   1          #include "DS18B20.h"
   2          
   3          void DS18B20_ConvertT()
   4          {
   5   1        init_ds18b20();
   6   1        Write_DS18B20(SKIP_ROM);
   7   1        Write_DS18B20(CONVERT_T);
   8   1      }
   9          
  10          f DS18B20_ReadT()
  11          {
  12   1        uc TLSB,TMSB;
  13   1        ui Temp;
  14   1        f T;
  15   1        
  16   1        init_ds18b20();
  17   1        Write_DS18B20(SKIP_ROM);
  18   1        Write_DS18B20(READ_T);
  19   1        TLSB=Read_DS18B20();
  20   1        TMSB=Read_DS18B20();
  21   1        Temp=(TMSB<<8)|TLSB;
  22   1        T=Temp*0.0625;
  23   1        
  24   1        return T;
  25   1      }


MODULE INFORMATION:   STATIC OVERLAYABLE
   CODE SIZE        =     56    ----
   CONSTANT SIZE    =   ----    ----
   XDATA SIZE       =   ----    ----
   PDATA SIZE       =   ----    ----
   DATA SIZE        =   ----       1
   IDATA SIZE       =   ----    ----
   BIT SIZE         =   ----    ----
END OF MODULE INFORMATION.


C51 COMPILATION COMPLETE.  0 WARNING(S),  0 ERROR(S)
