C51 COMPILER V9.59.0.0   MAIN                                                              04/02/2023 00:08:52 PAGE 1   


C51 COMPILER V9.59.0.0, COMPILATION OF MODULE MAIN
OBJECT MODULE PLACED IN .\Objects\main.obj
COMPILER INVOKED BY: D:\KEIL\C51\BIN\C51.EXE main.c OPTIMIZE(8,SPEED) BROWSE DEBUG OBJECTEXTEND PRINT(.\Listings\main.ls
                    -t) TABS(2) OBJECT(.\Objects\main.obj)

line level    source

   1          #include "LED.h"
   2          #include "RB.h"
   3          #include "Nixie.h"
   4          #include "Timer.h"
   5          #include "KEY.h"
   6          #include "DS18B20.h"
   7          #include "PCF8591.h"
   8          #include "Delay.h"
   9          #include <stdio.h>
  10          #include "UART.h"
  11          uc code Nodot_SMG[]={~0x3F,~0x06,~0x5B,~0x4F,~0x66,~0x6D,~0x7D,~0x07,~0x7F,~0x6F,~0x77,~0x7C,~0x39,~0x5E,~
             -0x79,~0x71};
  12          uc code dot_SMG[]={~0xBF,~0x86,~0xDB,~0xCF,~0xE6,~0xED,~0xFD,~0x87,~0xFF,~0xEF,~0xF7,~0xFC,~0xB9,~0xDE,~0x
             -F9,~0xF1};
  13          
  14          uc Send_Buf[20];
  15          char Receive_Buf;
  16          bit Interface;
  17          bit T_flag;
  18          bit AD_flag;
  19          bit Lock;
  20          bit Send_flag;
  21          bit L3_flag;
  22          bit R_flag;
  23          bit B_flag;
  24          
  25          uc KeyNum;
  26          f T;
  27          uc T_Int;
  28          f adc_v;
  29          ui smg_v;
  30          void Sys_Init()
  31          {
  32   1        LED_Init();
  33   1        RB_Init();
  34   1      }
  35          void USE_DS18B20()
  36          {
  37   1        if(T_flag==1)
  38   1        {
  39   2          T_flag=0;
  40   2          T_Convert();
  41   2          T=T_Read();
  42   2          T_Int=(uc)(T*10.0);
  43   2        }
  44   1        
  45   1        if(T>=28){R_flag=1;}
  46   1        else{R_flag=0;}
  47   1      }
  48          
  49          void USE_PCF8591()
  50          {
  51   1        if(AD_flag==1)
  52   1        {
C51 COMPILER V9.59.0.0   MAIN                                                              04/02/2023 00:08:52 PAGE 2   

  53   2          AD_flag=0;
  54   2          adc_v=AD_Read()*(5.0/255);
  55   2          smg_v=adc_v*100;
  56   2        }
  57   1        
  58   1        if(adc_v>3.6){B_flag=1;}
  59   1        else{B_flag=0;}
  60   1      }
  61          
  62          void USE_UART()
  63          {
  64   1        if(Send_flag==1)
  65   1        {
  66   2          Send_flag=0;
  67   2          if(Interface==1)
  68   2          {
  69   3            sprintf(Send_Buf,"Voltagel:%.2fV\r\n",adc_v);
  70   3            Send_String(Send_Buf);
  71   3          }
  72   2          else
  73   2          {
  74   3            sprintf(Send_Buf,"TEMP:%.1f°C\r\n",T);
  75   3            Send_String(Send_Buf);
  76   3          }
  77   2        }
  78   1        
  79   1        if(Lock==0)//解锁状态下
  80   1        {
  81   2          if(Receive_Buf=='A'){Interface=0;}
  82   2          else if(Receive_Buf=='B'){Interface=1;}
  83   2          
  84   2        }
  85   1      }
  86          
  87          void USE_LED()
  88          {
  89   1        LED_Init();
  90   1        if(Interface==0){L1=0;L2=1;}
  91   1        else{L1=1;L2=0;}
  92   1        
  93   1        if(L3_flag==1){L3=0;}
  94   1        else{L3=1;}
  95   1        
  96   1        P2&=0X1F;
  97   1      }
  98          
  99          void USE_RB()
 100          {
 101   1        RB_Init();
 102   1        
 103   1        if(R_flag==1){RELAY=1;}
 104   1        else{RELAY=0;}
 105   1        
 106   1        if(B_flag==1){BUZZER=1;}
 107   1        else{BUZZER=0;}
 108   1        
 109   1        P2&=0X1F;
 110   1      }
 111          void USE_KEY()
 112          {
 113   1        KeyNum=KEY();
 114   1        if(KeyNum==4)   //S4-锁定按键
C51 COMPILER V9.59.0.0   MAIN                                                              04/02/2023 00:08:52 PAGE 3   

 115   1        {
 116   2          Lock=1;
 117   2        }
 118   1        else if(KeyNum==5)    //S5-解锁按键
 119   1        {
 120   2          Lock=0;
 121   2        }
 122   1        else if(KeyNum==12)   //S12-发送按键
 123   1        {
 124   2          Send_flag=1;
 125   2        }
 126   1      }
 127          
 128          void USE_SMG()
 129          {
 130   1        if(Interface==0)
 131   1        {
 132   2          Nixie_SetBuf(0,0XC1);   //标识符U
 133   2          Nixie_SetBuf(1,Nodot_SMG[1]);
 134   2          Nixie_SetBuf(2,0XFF);
 135   2          Nixie_SetBuf(3,0XFF);
 136   2          Nixie_SetBuf(4,0XFF);
 137   2          Nixie_SetBuf(5,Nodot_SMG[T_Int/100]);
 138   2          Nixie_SetBuf(6,dot_SMG[T_Int/10%10]);
 139   2          Nixie_SetBuf(7,Nodot_SMG[T_Int%10]);
 140   2        }
 141   1        else if(Interface==1)
 142   1        {
 143   2          Nixie_SetBuf(0,0XC1);   //标识符U
 144   2          Nixie_SetBuf(1,Nodot_SMG[2]);
 145   2          Nixie_SetBuf(2,0XFF);
 146   2          Nixie_SetBuf(3,0XFF);
 147   2          Nixie_SetBuf(4,0XFF);
 148   2          Nixie_SetBuf(5,dot_SMG[smg_v/100]);
 149   2          Nixie_SetBuf(6,Nodot_SMG[smg_v/10%10]);
 150   2          Nixie_SetBuf(7,Nodot_SMG[smg_v%10]);
 151   2        }
 152   1      }
 153          
 154          
 155          void main(void)
 156          {
 157   1        Sys_Init();
 158   1        Timer0Init();
 159   1        UartInit();
 160   1        T_Convert();
 161   1        Delay750ms();
 162   1        while(1)
 163   1        {
 164   2          EA=0;
 165   2          USE_LED();
 166   2          USE_RB();
 167   2          EA=1;
 168   2          USE_SMG();
 169   2          USE_KEY();
 170   2          USE_DS18B20();
 171   2          USE_PCF8591();
 172   2          USE_UART();
 173   2        }
 174   1      }
 175          
 176          void Timer0_Routine() interrupt 1
C51 COMPILER V9.59.0.0   MAIN                                                              04/02/2023 00:08:52 PAGE 4   

 177          {
 178   1        static uc T0_Count1;
 179   1        static uc T0_Count2;
 180   1        static uc T_Count;
 181   1        static uc AD_Count;
 182   1        static uc L3_Count;
 183   1        
 184   1        T0_Count1++;T0_Count2++;
 185   1        if(T0_Count1==2)
 186   1        {
 187   2          T0_Count1=0;
 188   2          Nixie_Loop();
 189   2        }
 190   1        if(T0_Count2==10)
 191   1        {
 192   2          T0_Count2=0;
 193   2          KEY_Loop();
 194   2        }
 195   1        
 196   1        T_Count++;
 197   1        if(T_Count==100)
 198   1        {
 199   2          T_Count=0;
 200   2          T_flag=1;
 201   2        }
 202   1        AD_Count++;
 203   1        if(AD_Count==50)
 204   1        {
 205   2          AD_Count=0;
 206   2          AD_flag=1;
 207   2        }
 208   1        
 209   1        if(Lock==1)
 210   1        {
 211   2          L3_Count++;
 212   2          if(L3_Count==100)
 213   2          {
 214   3            L3_Count=0;
 215   3            L3_flag=~L3_flag;
 216   3          }
 217   2        }
 218   1        else{L3_flag=0;}
 219   1      }
 220          
 221          void UART_Routine() interrupt 4
 222          {
 223   1        uc temp;  //上锁时用于清除SBUF中接收到的数据
 224   1        if(Lock==0)
 225   1        {
 226   2          if(RI==1)
 227   2          {
 228   3            RI=0;
 229   3            Receive_Buf=SBUF;
 230   3            Send_Byte(Receive_Buf);
 231   3          }
 232   2        }
 233   1        else
 234   1        {
 235   2          RI=0;
 236   2          temp=SBUF;
 237   2        }
 238   1      }
C51 COMPILER V9.59.0.0   MAIN                                                              04/02/2023 00:08:52 PAGE 5   



MODULE INFORMATION:   STATIC OVERLAYABLE
   CODE SIZE        =    846    ----
   CONSTANT SIZE    =     64    ----
   XDATA SIZE       =   ----    ----
   PDATA SIZE       =   ----    ----
   DATA SIZE        =     38       1
   IDATA SIZE       =   ----    ----
   BIT SIZE         =      8    ----
END OF MODULE INFORMATION.


C51 COMPILATION COMPLETE.  0 WARNING(S),  0 ERROR(S)
