C51 COMPILER V8.02   MAIN                                                                  05/26/2014 20:39:24 PAGE 1   


C51 COMPILER V8.02, COMPILATION OF MODULE MAIN
OBJECT MODULE PLACED IN main.OBJ
COMPILER INVOKED BY: E:\keil\C51\BIN\C51.EXE main.c BROWSE DEBUG OBJECTEXTEND TABS(2)

line level    source

   1          /*
   2          注意的问题:1、shi/16  shi%16
   3                 2、禁止写保护(0x8e,0)
   4                     开保护(0x8e,0x80)
   5                 3、(shi/16)*10+shi%10;
   6                 4、记得把读也写在while(1)里
   7          */
   8          #include "ds1302.h"
   9          uchar smg_du[]={0xc0,0xf9,0xa4,0xb0,0x99,0x92,0x82,0xf8,0x80,0x90,0xbf};
  10          uchar smg_wei[]={0x01,0x02,0x04,0x08,0x10,0x20,0x40,0x80};
  11          uchar shijian[10]={0,0,0,0,0,0,0,0,0,0};
  12          void delay()
  13          {
  14   1        unsigned char i, j;
  15   1        _nop_();
  16   1        _nop_();
  17   1        i = 22;
  18   1        j = 128;
  19   1        do
  20   1        {
  21   2          while (--j);
  22   2        } while (--i);
  23   1      }
  24          
  25          void Smg(uchar weishu,uchar Num)
  26          {
  27   1      uchar i;
  28   1      for(i=0;i<Num;i++)
  29   1      {
  30   2      P0=0;P2=0xc0;P2=0;
  31   2      P0=shijian[i];P2=0xe0;P2=0;
  32   2      P0=smg_wei[i+weishu];P2=0xc0;P2=0;
  33   2      delay();
  34   2      }
  35   1      }
  36          
  37          void main()
  38          {
  39   1      uchar shi,fen,miao;
  40   1      P0=0xff;P2=0x80;P2=0;
  41   1      P0=0;P2=0xc0;P2=0;
  42   1      P0=0;P2=0xa0;P2=0;
  43   1      set_sfm(13,59,50);
  44   1      
  45   1      while(1)
  46   1      {
  47   2        fen=Read_Ds1302(0x83); 
  48   2        shi=Read_Ds1302(0x85);
  49   2        miao=Read_Ds1302(0x81);
  50   2      
  51   2      shijian[0]=smg_du[shi/16];
  52   2      shijian[1]=smg_du[shi%16];
  53   2      shijian[2]=smg_du[10];
  54   2      shijian[3]=smg_du[fen/16];
  55   2      shijian[4]=smg_du[fen%16];
C51 COMPILER V8.02   MAIN                                                                  05/26/2014 20:39:24 PAGE 2   

  56   2      shijian[5]=smg_du[10];
  57   2      shijian[6]=smg_du[miao/16];
  58   2      shijian[7]=smg_du[miao%16];
  59   2      Smg(0,8);
  60   2      }
  61   1      }


MODULE INFORMATION:   STATIC OVERLAYABLE
   CODE SIZE        =    191    ----
   CONSTANT SIZE    =   ----    ----
   XDATA SIZE       =   ----    ----
   PDATA SIZE       =   ----    ----
   DATA SIZE        =     29       2
   IDATA SIZE       =   ----    ----
   BIT SIZE         =   ----    ----
END OF MODULE INFORMATION.


C51 COMPILATION COMPLETE.  0 WARNING(S),  0 ERROR(S)
